[2026-09-09 18:35:36] SKIP (sin estructura de coche: informe.json no tiene vehiculo.marca/modelo): 12.zip
[2026-09-09 18:35:36] SKIP (sin estructura de coche: informe.json no tiene vehiculo.marca/modelo): @matter.zip
[2026-09-09 18:35:36] SKIP (sin estructura de coche: informe.json no tiene vehiculo.marca/modelo): Aktive2.0 (2).zip
[2026-09-09 18:35:36] SKIP (sin estructura de coche: informe.json no tiene vehiculo.marca/modelo): Autofirma64.zip
[2026-09-09 18:35:36] SKIP (sin estructura de coche: informe.json no tiene vehiculo.marca/modelo): bin.zip
[2026-09-09 18:35:36] SKIP (sin estructura de coche: informe.json no tiene vehiculo.marca/modelo): CentrosSano.zip
[2026-09-09 18:35:36] SKIP (sin estructura de coche: informe.json no tiene vehiculo.marca/modelo): CLINICAFISIOTERAPIASANOJAEN1634116888-invoices.zip
[2026-09-09 18:35:36] SKIP (sin estructura de coche: informe.json no tiene vehiculo.marca/modelo): CLINICAFISIOTERAPIASANOJAEN1634116888-invoices_receiptss.zip
[2026-09-09 18:35:36] SKIP (sin estructura de coche: informe.json no tiene vehiculo.marca/modelo): etc.zip
[2026-09-09 18:35:36] SKIP (sin estructura de coche: informe.json no tiene vehiculo.marca/modelo): exerciseDBpro1080px.zip
[2026-09-09 18:35:36] SKIP (sin estructura de coche: informe.json no tiene vehiculo.marca/modelo): Files Archive.zip
[2026-09-09 18:35:36] SKIP (sin estructura de coche: informe.json no tiene vehiculo.marca/modelo): Fira_Code_v6.2.zip
[2026-09-09 18:35:36] SKIP (sin estructura de coche: informe.json no tiene vehiculo.marca/modelo): m2.zip
[2026-09-09 18:35:36] SKIP (sin estructura de coche: informe.json no tiene vehiculo.marca/modelo): NEOGYMBOUTIQUETCTICA1774343959-invoices.zip
[2026-09-09 18:35:36] SKIP (sin estructura de coche: informe.json no tiene vehiculo.marca/modelo): node_modulesGestion.zip
[2026-09-09 18:35:37] SKIP (sin estructura de coche: informe.json no tiene vehiculo.marca/modelo): node_modulesVotacion.zip
[2026-09-09 18:35:37] SKIP (sin estructura de coche: informe.json no tiene vehiculo.marca/modelo): Oracle (1).zip
[2026-09-09 18:35:37] SKIP (sin estructura de coche: informe.json no tiene vehiculo.marca/modelo): Oracle.zip
[2026-09-09 18:35:37] SKIP (sin estructura de coche: informe.json no tiene vehiculo.marca/modelo): svgtopng.zip
[2026-09-09 18:35:37] SKIP (sin estructura de coche: informe.json no tiene vehiculo.marca/modelo): usage_data_2026_6.zip
[2026-09-09 18:35:37] SKIP (sin estructura de coche: informe.json no tiene vehiculo.marca/modelo): VictorMonoAll.zip
[2026-09-09 18:35:37] SKIP (sin estructura de coche: informe.json no tiene vehiculo.marca/modelo): videopodcast Andrea Sánchez y María Gómez.mov.zip
[2026-09-09 18:35:37] SKIP (sin estructura de coche: informe.json no tiene vehiculo.marca/modelo): videopodcast Andrea Sánchez y María Gómez.zip
[2026-09-09 18:35:37] SKIP (sin estructura de coche: informe.json no tiene vehiculo.marca/modelo): importacion-vehiculos.skill.zip
[2026-09-09 18:35:42] SKIP (sin estructura de coche: informe.json no tiene vehiculo.marca/modelo): 12.zip
[2026-09-09 18:35:42] SKIP (sin estructura de coche: informe.json no tiene vehiculo.marca/modelo): @matter.zip
[2026-09-09 18:35:43] SKIP (sin estructura de coche: informe.json no tiene vehiculo.marca/modelo): Aktive2.0 (2).zip
[2026-09-09 18:35:43] SKIP (sin estructura de coche: informe.json no tiene vehiculo.marca/modelo): Autofirma64.zip
[2026-09-09 18:35:43] SKIP (sin estructura de coche: informe.json no tiene vehiculo.marca/modelo): bin.zip
[2026-09-09 18:35:43] SKIP (sin estructura de coche: informe.json no tiene vehiculo.marca/modelo): CentrosSano.zip
[2026-09-09 18:35:43] SKIP (sin estructura de coche: informe.json no tiene vehiculo.marca/modelo): CLINICAFISIOTERAPIASANOJAEN1634116888-invoices.zip
[2026-09-09 18:35:43] SKIP (sin estructura de coche: informe.json no tiene vehiculo.marca/modelo): CLINICAFISIOTERAPIASANOJAEN1634116888-invoices_receiptss.zip
[2026-09-09 18:35:43] SKIP (sin estructura de coche: informe.json no tiene vehiculo.marca/modelo): etc.zip
[2026-09-09 18:35:43] SKIP (sin estructura de coche: informe.json no tiene vehiculo.marca/modelo): exerciseDBpro1080px.zip
[2026-09-09 18:35:43] SKIP (sin estructura de coche: informe.json no tiene vehiculo.marca/modelo): Files Archive.zip
[2026-09-09 18:35:43] SKIP (sin estructura de coche: informe.json no tiene vehiculo.marca/modelo): Fira_Code_v6.2.zip
[2026-09-09 18:35:43] SKIP (sin estructura de coche: informe.json no tiene vehiculo.marca/modelo): m2.zip
[2026-09-09 18:35:43] SKIP (sin estructura de coche: informe.json no tiene vehiculo.marca/modelo): NEOGYMBOUTIQUETCTICA1774343959-invoices.zip
[2026-09-09 18:35:43] SKIP (sin estructura de coche: informe.json no tiene vehiculo.marca/modelo): node_modulesGestion.zip
[2026-09-09 18:35:43] SKIP (sin estructura de coche: informe.json no tiene vehiculo.marca/modelo): node_modulesVotacion.zip
[2026-09-09 18:35:43] SKIP (sin estructura de coche: informe.json no tiene vehiculo.marca/modelo): Oracle (1).zip
[2026-09-09 18:35:43] SKIP (sin estructura de coche: informe.json no tiene vehiculo.marca/modelo): Oracle.zip
[2026-09-09 18:35:43] SKIP (sin estructura de coche: informe.json no tiene vehiculo.marca/modelo): svgtopng.zip
[2026-09-09 18:35:43] OK Movido: test-real-bmw-i4.zip -> importnexcore\storage\app\private\investigaciones\bmw\i4\bmw-i4-m50-2024-999000111-2026-09-09.zip (17.8 KB)
[2026-09-09 18:35:43] SKIP (sin estructura de coche: informe.json no tiene vehiculo.marca/modelo): usage_data_2026_6.zip
[2026-09-09 18:35:43] SKIP (sin estructura de coche: informe.json no tiene vehiculo.marca/modelo): VictorMonoAll.zip
[2026-09-09 18:35:43] SKIP (sin estructura de coche: informe.json no tiene vehiculo.marca/modelo): videopodcast Andrea Sánchez y María Gómez.mov.zip
[2026-09-09 18:35:43] SKIP (sin estructura de coche: informe.json no tiene vehiculo.marca/modelo): videopodcast Andrea Sánchez y María Gómez.zip
[2026-09-09 18:35:43] SKIP (sin estructura de coche: informe.json no tiene vehiculo.marca/modelo): importacion-vehiculos.skill.zip
